Forwarding from 127.0.0.1:18080 -> 9898
Handling connection for 18080
Handling connection for 18080
Handling connection for 18080
Handling connection for 18080
Handling connection for 18080
Handling connection for 18080
Handling connection for 18080
Handling connection for 18080
Handling connection for 18080
Handling connection for 18080
Handling connection for 18080
Handling connection for 18080
Handling connection for 18080
Handling connection for 18080
Handling connection for 18080
Handling connection for 18080
Handling connection for 18080
Handling connection for 18080
Handling connection for 18080
Handling connection for 18080
Handling connection for 18080
Handling connection for 18080
Handling connection for 18080
Handling connection for 18080
Handling connection for 18080
Handling connection for 18080
Handling connection for 18080
Handling connection for 18080
Handling connection for 18080
Handling connection for 18080
Handling connection for 18080
Handling connection for 18080
Handling connection for 18080
Handling connection for 18080
Handling connection for 18080
Handling connection for 18080
Handling connection for 18080
Handling connection for 18080
Handling connection for 18080
Handling connection for 18080
Handling connection for 18080
Handling connection for 18080
Handling connection for 18080
Handling connection for 18080
Handling connection for 18080
Handling connection for 18080
Handling connection for 18080
Handling connection for 18080
Handling connection for 18080
Handling connection for 18080
Handling connection for 18080
Handling connection for 18080
Handling connection for 18080
Handling connection for 18080
Handling connection for 18080
Handling connection for 18080
Handling connection for 18080
Handling connection for 18080
Handling connection for 18080
Handling connection for 18080
Handling connection for 18080
Handling connection for 18080
Handling connection for 18080
Handling connection for 18080
Handling connection for 18080
Handling connection for 18080
Handling connection for 18080
Handling connection for 18080
Handling connection for 18080
Handling connection for 18080
Handling connection for 18080
Handling connection for 18080
Handling connection for 18080
Handling connection for 18080
Handling connection for 18080
Handling connection for 18080
Handling connection for 18080
Handling connection for 18080
Handling connection for 18080
Handling connection for 18080
Handling connection for 18080
Handling connection for 18080
Handling connection for 18080
Handling connection for 18080
Handling connection for 18080
Handling connection for 18080
Handling connection for 18080
Handling connection for 18080
Handling connection for 18080
Handling connection for 18080
Handling connection for 18080
Handling connection for 18080
Handling connection for 18080
Handling connection for 18080
Handling connection for 18080
Handling connection for 18080
Handling connection for 18080
Handling connection for 18080
Handling connection for 18080
Handling connection for 18080
Handling connection for 18080
Handling connection for 18080
Handling connection for 18080
Handling connection for 18080
Handling connection for 18080
Handling connection for 18080
Handling connection for 18080
Handling connection for 18080
Handling connection for 18080
Handling connection for 18080
Handling connection for 18080
Handling connection for 18080
Handling connection for 18080
Handling connection for 18080
Handling connection for 18080
Handling connection for 18080
Handling connection for 18080
Handling connection for 18080
Handling connection for 18080
Handling connection for 18080
Handling connection for 18080
Handling connection for 18080
Handling connection for 18080
Handling connection for 18080
Handling connection for 18080
Handling connection for 18080
Handling connection for 18080
Handling connection for 18080
Handling connection for 18080
Handling connection for 18080
Handling connection for 18080
Handling connection for 18080
Handling connection for 18080
Handling connection for 18080
Handling connection for 18080
Handling connection for 18080
Handling connection for 18080
Handling connection for 18080
Handling connection for 18080
Handling connection for 18080
Handling connection for 18080
Handling connection for 18080
Handling connection for 18080
Handling connection for 18080
Handling connection for 18080
Handling connection for 18080
Handling connection for 18080
Handling connection for 18080
Handling connection for 18080
Handling connection for 18080
Handling connection for 18080
Handling connection for 18080
Handling connection for 18080
Handling connection for 18080
Handling connection for 18080
Handling connection for 18080
Handling connection for 18080
Handling connection for 18080
Handling connection for 18080
Handling connection for 18080
Handling connection for 18080
Handling connection for 18080
Handling connection for 18080
Handling connection for 18080
Handling connection for 18080
Handling connection for 18080
Handling connection for 18080
Handling connection for 18080
Handling connection for 18080
Handling connection for 18080
Handling connection for 18080
Handling connection for 18080
Handling connection for 18080
Handling connection for 18080
Handling connection for 18080
Handling connection for 18080
Handling connection for 18080
Handling connection for 18080
Handling connection for 18080
Handling connection for 18080
Handling connection for 18080
Handling connection for 18080
Handling connection for 18080
Handling connection for 18080
Handling connection for 18080
Handling connection for 18080
Handling connection for 18080
Handling connection for 18080
Handling connection for 18080
Handling connection for 18080
Handling connection for 18080
Handling connection for 18080
Handling connection for 18080
Handling connection for 18080
Handling connection for 18080
Handling connection for 18080
Handling connection for 18080
Handling connection for 18080
Handling connection for 18080
Handling connection for 18080
Handling connection for 18080
Handling connection for 18080
Handling connection for 18080
Handling connection for 18080
Handling connection for 18080
Handling connection for 18080
Handling connection for 18080
Handling connection for 18080
Handling connection for 18080
Handling connection for 18080
Handling connection for 18080
Handling connection for 18080
Handling connection for 18080
Handling connection for 18080
Handling connection for 18080
Handling connection for 18080
Handling connection for 18080
Handling connection for 18080
Handling connection for 18080
Handling connection for 18080
Handling connection for 18080
Handling connection for 18080
Handling connection for 18080
Handling connection for 18080
Handling connection for 18080
Handling connection for 18080
Handling connection for 18080
Handling connection for 18080
Handling connection for 18080
Handling connection for 18080
Handling connection for 18080
Handling connection for 18080
Handling connection for 18080
Handling connection for 18080
Handling connection for 18080
Handling connection for 18080
Handling connection for 18080
Handling connection for 18080
Handling connection for 18080
Handling connection for 18080
Handling connection for 18080
Handling connection for 18080
Handling connection for 18080
Handling connection for 18080
Handling connection for 18080
Handling connection for 18080
Handling connection for 18080
Handling connection for 18080
Handling connection for 18080
Handling connection for 18080
Handling connection for 18080
Handling connection for 18080
Handling connection for 18080
Handling connection for 18080
Handling connection for 18080
Handling connection for 18080
Handling connection for 18080
Handling connection for 18080
Handling connection for 18080
Handling connection for 18080
Handling connection for 18080
Handling connection for 18080
Handling connection for 18080
Handling connection for 18080
Handling connection for 18080
Handling connection for 18080
Handling connection for 18080
Handling connection for 18080
Handling connection for 18080
Handling connection for 18080
Handling connection for 18080
Handling connection for 18080
Handling connection for 18080
Handling connection for 18080
Handling connection for 18080
Handling connection for 18080
Handling connection for 18080
Handling connection for 18080
Handling connection for 18080
Handling connection for 18080
Handling connection for 18080
Handling connection for 18080
Handling connection for 18080
Handling connection for 18080
Handling connection for 18080
Handling connection for 18080
Handling connection for 18080
Handling connection for 18080
Handling connection for 18080
Handling connection for 18080
Handling connection for 18080
Handling connection for 18080
Handling connection for 18080
Handling connection for 18080
Handling connection for 18080
Handling connection for 18080
Handling connection for 18080
Handling connection for 18080
Handling connection for 18080
Handling connection for 18080
Handling connection for 18080
Handling connection for 18080
Handling connection for 18080
Handling connection for 18080
Handling connection for 18080
Handling connection for 18080
Handling connection for 18080
Handling connection for 18080
Handling connection for 18080
Handling connection for 18080
Handling connection for 18080
Handling connection for 18080
Handling connection for 18080
Handling connection for 18080
Handling connection for 18080
Handling connection for 18080
Handling connection for 18080
Handling connection for 18080
Handling connection for 18080
Handling connection for 18080
E0401 01:12:52.585667   31364 portforward.go:424] "Unhandled Error" err=<
	an error occurred forwarding 18080 -> 9898: error forwarding port 9898 to pod 3fcc28fcfcdb592f910500bd7f7f9d039ac83cf68a44c40fc108349f461611b8, uid : exit status 1: 2026/03/31 22:12:52 socat[16768] E connect(5, AF=2 127.0.0.1:9898, 16): Connection refused
 >
E0401 01:12:52.587161   31364 portforward.go:424] "Unhandled Error" err=<
	an error occurred forwarding 18080 -> 9898: error forwarding port 9898 to pod 3fcc28fcfcdb592f910500bd7f7f9d039ac83cf68a44c40fc108349f461611b8, uid : exit status 1: 2026/03/31 22:12:52 socat[16752] E connect(5, AF=2 127.0.0.1:9898, 16): Connection refused
 >
error: lost connection to pod
